Archive member included because of file (symbol)

/home/amol/stm32f3discovery/libopencm3-examples/libopencm3/lib/libopencm3_stm32f3.a(gpio_common_all.o)
                              blinky.o (gpio_toggle)
/home/amol/stm32f3discovery/libopencm3-examples/libopencm3/lib/libopencm3_stm32f3.a(gpio_common_f0234.o)
                              blinky.o (gpio_mode_setup)
/home/amol/stm32f3discovery/libopencm3-examples/libopencm3/lib/libopencm3_stm32f3.a(rcc_common_all.o)
                              blinky.o (rcc_periph_clock_enable)
/home/amol/stm32f3discovery/libopencm3-examples/libopencm3/lib/libopencm3_stm32f3.a(vector.o)
                              (reset_handler)

Discarded input sections

 .text          0x0000000000000000        0x0 blinky.o
 .data          0x0000000000000000        0x0 blinky.o
 .bss           0x0000000000000000        0x0 blinky.o
 .group         0x0000000000000000        0x8 /home/amol/stm32f3discovery/libopencm3-examples/libopencm3/lib/libopencm3_stm32f3.a(gpio_common_all.o)
 .group         0x0000000000000000        0x8 /home/amol/stm32f3discovery/libopencm3-examples/libopencm3/lib/libopencm3_stm32f3.a(gpio_common_all.o)
 .group         0x0000000000000000        0x8 /home/amol/stm32f3discovery/libopencm3-examples/libopencm3/lib/libopencm3_stm32f3.a(gpio_common_all.o)
 .group         0x0000000000000000        0x8 /home/amol/stm32f3discovery/libopencm3-examples/libopencm3/lib/libopencm3_stm32f3.a(gpio_common_all.o)
 .group         0x0000000000000000        0x8 /home/amol/stm32f3discovery/libopencm3-examples/libopencm3/lib/libopencm3_stm32f3.a(gpio_common_all.o)
 .group         0x0000000000000000        0x8 /home/amol/stm32f3discovery/libopencm3-examples/libopencm3/lib/libopencm3_stm32f3.a(gpio_common_all.o)
 .group         0x0000000000000000        0x8 /home/amol/stm32f3discovery/libopencm3-examples/libopencm3/lib/libopencm3_stm32f3.a(gpio_common_all.o)
 .group         0x0000000000000000        0x8 /home/amol/stm32f3discovery/libopencm3-examples/libopencm3/lib/libopencm3_stm32f3.a(gpio_common_all.o)
 .group         0x0000000000000000        0x8 /home/amol/stm32f3discovery/libopencm3-examples/libopencm3/lib/libopencm3_stm32f3.a(gpio_common_all.o)
 .group         0x0000000000000000        0x8 /home/amol/stm32f3discovery/libopencm3-examples/libopencm3/lib/libopencm3_stm32f3.a(gpio_common_all.o)
 .group         0x0000000000000000        0x8 /home/amol/stm32f3discovery/libopencm3-examples/libopencm3/lib/libopencm3_stm32f3.a(gpio_common_all.o)
 .group         0x0000000000000000        0x8 /home/amol/stm32f3discovery/libopencm3-examples/libopencm3/lib/libopencm3_stm32f3.a(gpio_common_all.o)
 .text          0x0000000000000000        0x0 /home/amol/stm32f3discovery/libopencm3-examples/libopencm3/lib/libopencm3_stm32f3.a(gpio_common_all.o)
 .data          0x0000000000000000        0x0 /home/amol/stm32f3discovery/libopencm3-examples/libopencm3/lib/libopencm3_stm32f3.a(gpio_common_all.o)
 .bss           0x0000000000000000        0x0 /home/amol/stm32f3discovery/libopencm3-examples/libopencm3/lib/libopencm3_stm32f3.a(gpio_common_all.o)
 .text.gpio_set
                0x0000000000000000        0x4 /home/amol/stm32f3discovery/libopencm3-examples/libopencm3/lib/libopencm3_stm32f3.a(gpio_common_all.o)
 .text.gpio_clear
                0x0000000000000000        0x6 /home/amol/stm32f3discovery/libopencm3-examples/libopencm3/lib/libopencm3_stm32f3.a(gpio_common_all.o)
 .text.gpio_get
                0x0000000000000000        0x6 /home/amol/stm32f3discovery/libopencm3-examples/libopencm3/lib/libopencm3_stm32f3.a(gpio_common_all.o)
 .text.gpio_port_read
                0x0000000000000000        0x6 /home/amol/stm32f3discovery/libopencm3-examples/libopencm3/lib/libopencm3_stm32f3.a(gpio_common_all.o)
 .text.gpio_port_write
                0x0000000000000000        0x4 /home/amol/stm32f3discovery/libopencm3-examples/libopencm3/lib/libopencm3_stm32f3.a(gpio_common_all.o)
 .text.gpio_port_config_lock
                0x0000000000000000       0x10 /home/amol/stm32f3discovery/libopencm3-examples/libopencm3/lib/libopencm3_stm32f3.a(gpio_common_all.o)
 .group         0x0000000000000000        0x8 /home/amol/stm32f3discovery/libopencm3-examples/libopencm3/lib/libopencm3_stm32f3.a(gpio_common_f0234.o)
 .group         0x0000000000000000        0x8 /home/amol/stm32f3discovery/libopencm3-examples/libopencm3/lib/libopencm3_stm32f3.a(gpio_common_f0234.o)
 .group         0x0000000000000000        0x8 /home/amol/stm32f3discovery/libopencm3-examples/libopencm3/lib/libopencm3_stm32f3.a(gpio_common_f0234.o)
 .group         0x0000000000000000        0x8 /home/amol/stm32f3discovery/libopencm3-examples/libopencm3/lib/libopencm3_stm32f3.a(gpio_common_f0234.o)
 .group         0x0000000000000000        0x8 /home/amol/stm32f3discovery/libopencm3-examples/libopencm3/lib/libopencm3_stm32f3.a(gpio_common_f0234.o)
 .group         0x0000000000000000        0x8 /home/amol/stm32f3discovery/libopencm3-examples/libopencm3/lib/libopencm3_stm32f3.a(gpio_common_f0234.o)
 .group         0x0000000000000000        0x8 /home/amol/stm32f3discovery/libopencm3-examples/libopencm3/lib/libopencm3_stm32f3.a(gpio_common_f0234.o)
 .group         0x0000000000000000        0x8 /home/amol/stm32f3discovery/libopencm3-examples/libopencm3/lib/libopencm3_stm32f3.a(gpio_common_f0234.o)
 .group         0x0000000000000000        0x8 /home/amol/stm32f3discovery/libopencm3-examples/libopencm3/lib/libopencm3_stm32f3.a(gpio_common_f0234.o)
 .group         0x0000000000000000        0x8 /home/amol/stm32f3discovery/libopencm3-examples/libopencm3/lib/libopencm3_stm32f3.a(gpio_common_f0234.o)
 .group         0x0000000000000000        0x8 /home/amol/stm32f3discovery/libopencm3-examples/libopencm3/lib/libopencm3_stm32f3.a(gpio_common_f0234.o)
 .group         0x0000000000000000        0x8 /home/amol/stm32f3discovery/libopencm3-examples/libopencm3/lib/libopencm3_stm32f3.a(gpio_common_f0234.o)
 .text          0x0000000000000000        0x0 /home/amol/stm32f3discovery/libopencm3-examples/libopencm3/lib/libopencm3_stm32f3.a(gpio_common_f0234.o)
 .data          0x0000000000000000        0x0 /home/amol/stm32f3discovery/libopencm3-examples/libopencm3/lib/libopencm3_stm32f3.a(gpio_common_f0234.o)
 .bss           0x0000000000000000        0x0 /home/amol/stm32f3discovery/libopencm3-examples/libopencm3/lib/libopencm3_stm32f3.a(gpio_common_f0234.o)
 .text.gpio_set_output_options
                0x0000000000000000       0x36 /home/amol/stm32f3discovery/libopencm3-examples/libopencm3/lib/libopencm3_stm32f3.a(gpio_common_f0234.o)
 .text.gpio_set_af
                0x0000000000000000       0x54 /home/amol/stm32f3discovery/libopencm3-examples/libopencm3/lib/libopencm3_stm32f3.a(gpio_common_f0234.o)
 .debug_macro   0x0000000000000000      0x874 /home/amol/stm32f3discovery/libopencm3-examples/libopencm3/lib/libopencm3_stm32f3.a(gpio_common_f0234.o)
 .debug_macro   0x0000000000000000       0x22 /home/amol/stm32f3discovery/libopencm3-examples/libopencm3/lib/libopencm3_stm32f3.a(gpio_common_f0234.o)
 .debug_macro   0x0000000000000000       0x44 /home/amol/stm32f3discovery/libopencm3-examples/libopencm3/lib/libopencm3_stm32f3.a(gpio_common_f0234.o)
 .debug_macro   0x0000000000000000       0xe3 /home/amol/stm32f3discovery/libopencm3-examples/libopencm3/lib/libopencm3_stm32f3.a(gpio_common_f0234.o)
 .debug_macro   0x0000000000000000       0x22 /home/amol/stm32f3discovery/libopencm3-examples/libopencm3/lib/libopencm3_stm32f3.a(gpio_common_f0234.o)
 .debug_macro   0x0000000000000000      0x1df /home/amol/stm32f3discovery/libopencm3-examples/libopencm3/lib/libopencm3_stm32f3.a(gpio_common_f0234.o)
 .debug_macro   0x0000000000000000       0x22 /home/amol/stm32f3discovery/libopencm3-examples/libopencm3/lib/libopencm3_stm32f3.a(gpio_common_f0234.o)
 .debug_macro   0x0000000000000000       0xfa /home/amol/stm32f3discovery/libopencm3-examples/libopencm3/lib/libopencm3_stm32f3.a(gpio_common_f0234.o)
 .debug_macro   0x0000000000000000       0x58 /home/amol/stm32f3discovery/libopencm3-examples/libopencm3/lib/libopencm3_stm32f3.a(gpio_common_f0234.o)
 .debug_macro   0x0000000000000000      0x18a /home/amol/stm32f3discovery/libopencm3-examples/libopencm3/lib/libopencm3_stm32f3.a(gpio_common_f0234.o)
 .debug_macro   0x0000000000000000       0x76 /home/amol/stm32f3discovery/libopencm3-examples/libopencm3/lib/libopencm3_stm32f3.a(gpio_common_f0234.o)
 .debug_macro   0x0000000000000000      0x2e6 /home/amol/stm32f3discovery/libopencm3-examples/libopencm3/lib/libopencm3_stm32f3.a(gpio_common_f0234.o)
 .group         0x0000000000000000        0x8 /home/amol/stm32f3discovery/libopencm3-examples/libopencm3/lib/libopencm3_stm32f3.a(rcc_common_all.o)
 .group         0x0000000000000000        0x8 /home/amol/stm32f3discovery/libopencm3-examples/libopencm3/lib/libopencm3_stm32f3.a(rcc_common_all.o)
 .group         0x0000000000000000        0x8 /home/amol/stm32f3discovery/libopencm3-examples/libopencm3/lib/libopencm3_stm32f3.a(rcc_common_all.o)
 .group         0x0000000000000000        0x8 /home/amol/stm32f3discovery/libopencm3-examples/libopencm3/lib/libopencm3_stm32f3.a(rcc_common_all.o)
 .group         0x0000000000000000        0x8 /home/amol/stm32f3discovery/libopencm3-examples/libopencm3/lib/libopencm3_stm32f3.a(rcc_common_all.o)
 .group         0x0000000000000000        0x8 /home/amol/stm32f3discovery/libopencm3-examples/libopencm3/lib/libopencm3_stm32f3.a(rcc_common_all.o)
 .group         0x0000000000000000        0x8 /home/amol/stm32f3discovery/libopencm3-examples/libopencm3/lib/libopencm3_stm32f3.a(rcc_common_all.o)
 .group         0x0000000000000000        0x8 /home/amol/stm32f3discovery/libopencm3-examples/libopencm3/lib/libopencm3_stm32f3.a(rcc_common_all.o)
 .group         0x0000000000000000        0x8 /home/amol/stm32f3discovery/libopencm3-examples/libopencm3/lib/libopencm3_stm32f3.a(rcc_common_all.o)
 .group         0x0000000000000000        0x8 /home/amol/stm32f3discovery/libopencm3-examples/libopencm3/lib/libopencm3_stm32f3.a(rcc_common_all.o)
 .group         0x0000000000000000        0x8 /home/amol/stm32f3discovery/libopencm3-examples/libopencm3/lib/libopencm3_stm32f3.a(rcc_common_all.o)
 .text          0x0000000000000000        0x0 /home/amol/stm32f3discovery/libopencm3-examples/libopencm3/lib/libopencm3_stm32f3.a(rcc_common_all.o)
 .data          0x0000000000000000        0x0 /home/amol/stm32f3discovery/libopencm3-examples/libopencm3/lib/libopencm3_stm32f3.a(rcc_common_all.o)
 .bss           0x0000000000000000        0x0 /home/amol/stm32f3discovery/libopencm3-examples/libopencm3/lib/libopencm3_stm32f3.a(rcc_common_all.o)
 .text.rcc_peripheral_enable_clock
                0x0000000000000000        0x8 /home/amol/stm32f3discovery/libopencm3-examples/libopencm3/lib/libopencm3_stm32f3.a(rcc_common_all.o)
 .text.rcc_peripheral_disable_clock
                0x0000000000000000        0xa /home/amol/stm32f3discovery/libopencm3-examples/libopencm3/lib/libopencm3_stm32f3.a(rcc_common_all.o)
 .text.rcc_peripheral_reset
                0x0000000000000000        0x8 /home/amol/stm32f3discovery/libopencm3-examples/libopencm3/lib/libopencm3_stm32f3.a(rcc_common_all.o)
 .text.rcc_peripheral_clear_reset
                0x0000000000000000        0xa /home/amol/stm32f3discovery/libopencm3-examples/libopencm3/lib/libopencm3_stm32f3.a(rcc_common_all.o)
 .text.rcc_periph_clock_disable
                0x0000000000000000       0x1c /home/amol/stm32f3discovery/libopencm3-examples/libopencm3/lib/libopencm3_stm32f3.a(rcc_common_all.o)
 .text.rcc_periph_reset_pulse
                0x0000000000000000       0x22 /home/amol/stm32f3discovery/libopencm3-examples/libopencm3/lib/libopencm3_stm32f3.a(rcc_common_all.o)
 .text.rcc_periph_reset_hold
                0x0000000000000000       0x1a /home/amol/stm32f3discovery/libopencm3-examples/libopencm3/lib/libopencm3_stm32f3.a(rcc_common_all.o)
 .text.rcc_periph_reset_release
                0x0000000000000000       0x1c /home/amol/stm32f3discovery/libopencm3-examples/libopencm3/lib/libopencm3_stm32f3.a(rcc_common_all.o)
 .text.rcc_set_mco
                0x0000000000000000       0x14 /home/amol/stm32f3discovery/libopencm3-examples/libopencm3/lib/libopencm3_stm32f3.a(rcc_common_all.o)
 .debug_macro   0x0000000000000000      0x874 /home/amol/stm32f3discovery/libopencm3-examples/libopencm3/lib/libopencm3_stm32f3.a(rcc_common_all.o)
 .debug_macro   0x0000000000000000       0x22 /home/amol/stm32f3discovery/libopencm3-examples/libopencm3/lib/libopencm3_stm32f3.a(rcc_common_all.o)
 .debug_macro   0x0000000000000000       0x44 /home/amol/stm32f3discovery/libopencm3-examples/libopencm3/lib/libopencm3_stm32f3.a(rcc_common_all.o)
 .debug_macro   0x0000000000000000       0xe3 /home/amol/stm32f3discovery/libopencm3-examples/libopencm3/lib/libopencm3_stm32f3.a(rcc_common_all.o)
 .debug_macro   0x0000000000000000       0x22 /home/amol/stm32f3discovery/libopencm3-examples/libopencm3/lib/libopencm3_stm32f3.a(rcc_common_all.o)
 .debug_macro   0x0000000000000000      0x1df /home/amol/stm32f3discovery/libopencm3-examples/libopencm3/lib/libopencm3_stm32f3.a(rcc_common_all.o)
 .debug_macro   0x0000000000000000       0x22 /home/amol/stm32f3discovery/libopencm3-examples/libopencm3/lib/libopencm3_stm32f3.a(rcc_common_all.o)
 .debug_macro   0x0000000000000000       0xfa /home/amol/stm32f3discovery/libopencm3-examples/libopencm3/lib/libopencm3_stm32f3.a(rcc_common_all.o)
 .debug_macro   0x0000000000000000       0x58 /home/amol/stm32f3discovery/libopencm3-examples/libopencm3/lib/libopencm3_stm32f3.a(rcc_common_all.o)
 .debug_macro   0x0000000000000000      0x18a /home/amol/stm32f3discovery/libopencm3-examples/libopencm3/lib/libopencm3_stm32f3.a(rcc_common_all.o)
 .group         0x0000000000000000        0x8 /home/amol/stm32f3discovery/libopencm3-examples/libopencm3/lib/libopencm3_stm32f3.a(vector.o)
 .group         0x0000000000000000        0x8 /home/amol/stm32f3discovery/libopencm3-examples/libopencm3/lib/libopencm3_stm32f3.a(vector.o)
 .group         0x0000000000000000        0x8 /home/amol/stm32f3discovery/libopencm3-examples/libopencm3/lib/libopencm3_stm32f3.a(vector.o)
 .group         0x0000000000000000        0x8 /home/amol/stm32f3discovery/libopencm3-examples/libopencm3/lib/libopencm3_stm32f3.a(vector.o)
 .group         0x0000000000000000        0x8 /home/amol/stm32f3discovery/libopencm3-examples/libopencm3/lib/libopencm3_stm32f3.a(vector.o)
 .group         0x0000000000000000        0x8 /home/amol/stm32f3discovery/libopencm3-examples/libopencm3/lib/libopencm3_stm32f3.a(vector.o)
 .group         0x0000000000000000        0x8 /home/amol/stm32f3discovery/libopencm3-examples/libopencm3/lib/libopencm3_stm32f3.a(vector.o)
 .group         0x0000000000000000        0x8 /home/amol/stm32f3discovery/libopencm3-examples/libopencm3/lib/libopencm3_stm32f3.a(vector.o)
 .group         0x0000000000000000        0x8 /home/amol/stm32f3discovery/libopencm3-examples/libopencm3/lib/libopencm3_stm32f3.a(vector.o)
 .group         0x0000000000000000        0x8 /home/amol/stm32f3discovery/libopencm3-examples/libopencm3/lib/libopencm3_stm32f3.a(vector.o)
 .group         0x0000000000000000        0x8 /home/amol/stm32f3discovery/libopencm3-examples/libopencm3/lib/libopencm3_stm32f3.a(vector.o)
 .group         0x0000000000000000        0x8 /home/amol/stm32f3discovery/libopencm3-examples/libopencm3/lib/libopencm3_stm32f3.a(vector.o)
 .text          0x0000000000000000        0x0 /home/amol/stm32f3discovery/libopencm3-examples/libopencm3/lib/libopencm3_stm32f3.a(vector.o)
 .data          0x0000000000000000        0x0 /home/amol/stm32f3discovery/libopencm3-examples/libopencm3/lib/libopencm3_stm32f3.a(vector.o)
 .bss           0x0000000000000000        0x0 /home/amol/stm32f3discovery/libopencm3-examples/libopencm3/lib/libopencm3_stm32f3.a(vector.o)
 .debug_macro   0x0000000000000000      0x874 /home/amol/stm32f3discovery/libopencm3-examples/libopencm3/lib/libopencm3_stm32f3.a(vector.o)
 .debug_macro   0x0000000000000000       0x58 /home/amol/stm32f3discovery/libopencm3-examples/libopencm3/lib/libopencm3_stm32f3.a(vector.o)
 .debug_macro   0x0000000000000000       0x22 /home/amol/stm32f3discovery/libopencm3-examples/libopencm3/lib/libopencm3_stm32f3.a(vector.o)
 .debug_macro   0x0000000000000000       0x44 /home/amol/stm32f3discovery/libopencm3-examples/libopencm3/lib/libopencm3_stm32f3.a(vector.o)
 .debug_macro   0x0000000000000000       0xe3 /home/amol/stm32f3discovery/libopencm3-examples/libopencm3/lib/libopencm3_stm32f3.a(vector.o)
 .debug_macro   0x0000000000000000       0x22 /home/amol/stm32f3discovery/libopencm3-examples/libopencm3/lib/libopencm3_stm32f3.a(vector.o)
 .debug_macro   0x0000000000000000      0x1df /home/amol/stm32f3discovery/libopencm3-examples/libopencm3/lib/libopencm3_stm32f3.a(vector.o)
 .debug_macro   0x0000000000000000       0x22 /home/amol/stm32f3discovery/libopencm3-examples/libopencm3/lib/libopencm3_stm32f3.a(vector.o)
 .debug_macro   0x0000000000000000       0xfa /home/amol/stm32f3discovery/libopencm3-examples/libopencm3/lib/libopencm3_stm32f3.a(vector.o)

Memory Configuration

Name             Origin             Length             Attributes
rom              0x0000000008000000 0x0000000000040000 xr
ram              0x0000000020000000 0x000000000000a000 xrw
*default*        0x0000000000000000 0xffffffffffffffff

Linker script and memory map

LOAD blinky.o
LOAD /home/amol/stm32f3discovery/libopencm3-examples/libopencm3/lib/libopencm3_stm32f3.a
START GROUP
LOAD /usr/bin/../lib/gcc/arm-none-eabi/4.9.3/../../../../arm-none-eabi/lib/armv7e-m/fpu/libc.a
LOAD /usr/bin/../lib/gcc/arm-none-eabi/4.9.3/armv7e-m/fpu/libgcc.a
LOAD /usr/bin/../lib/gcc/arm-none-eabi/4.9.3/../../../../arm-none-eabi/lib/armv7e-m/fpu/libnosys.a
END GROUP
START GROUP
LOAD /usr/bin/../lib/gcc/arm-none-eabi/4.9.3/armv7e-m/fpu/libgcc.a
LOAD /usr/bin/../lib/gcc/arm-none-eabi/4.9.3/../../../../arm-none-eabi/lib/armv7e-m/fpu/libc.a
END GROUP

.text           0x0000000008000000      0x2b8
 *(.vectors)
 .vectors       0x0000000008000000      0x184 /home/amol/stm32f3discovery/libopencm3-examples/libopencm3/lib/libopencm3_stm32f3.a(vector.o)
                0x0000000008000000                vector_table
 *(.text*)
 .text.startup.main
                0x0000000008000184       0x34 blinky.o
                0x0000000008000184                main
 .text.gpio_toggle
                0x00000000080001b8       0x10 /home/amol/stm32f3discovery/libopencm3-examples/libopencm3/lib/libopencm3_stm32f3.a(gpio_common_all.o)
                0x00000000080001b8                gpio_toggle
 .text.gpio_mode_setup
                0x00000000080001c8       0x3a /home/amol/stm32f3discovery/libopencm3-examples/libopencm3/lib/libopencm3_stm32f3.a(gpio_common_f0234.o)
                0x00000000080001c8                gpio_mode_setup
 .text.rcc_periph_clock_enable
                0x0000000008000202       0x1a /home/amol/stm32f3discovery/libopencm3-examples/libopencm3/lib/libopencm3_stm32f3.a(rcc_common_all.o)
                0x0000000008000202                rcc_periph_clock_enable
 .text.blocking_handler
                0x000000000800021c        0x2 /home/amol/stm32f3discovery/libopencm3-examples/libopencm3/lib/libopencm3_stm32f3.a(vector.o)
                0x000000000800021c                usb_lp_isr
                0x000000000800021c                i2c2_ev_exti24_isr
                0x000000000800021c                usb_hp_isr
                0x000000000800021c                tim7_isr
                0x000000000800021c                reserved_12_isr
                0x000000000800021c                adc1_2_isr
                0x000000000800021c                reserved_11_isr
                0x000000000800021c                reserved_7_isr
                0x000000000800021c                reserved_13_isr
                0x000000000800021c                blocking_handler
                0x000000000800021c                rtc_wkup_isr
                0x000000000800021c                tim1_up_tim16_isr
                0x000000000800021c                spi1_isr
                0x000000000800021c                dma1_channel6_isr
                0x000000000800021c                reserved_5_isr
                0x000000000800021c                dma1_channel5_isr
                0x000000000800021c                dma2_channel5_isr
                0x000000000800021c                tamp_stamp_isr
                0x000000000800021c                can1_rx1_isr
                0x000000000800021c                usage_fault_handler
                0x000000000800021c                tim8_trg_com_isr
                0x000000000800021c                i2c1_ev_exti23_isr
                0x000000000800021c                tim1_trg_com_tim17_isr
                0x000000000800021c                reserved_15_isr
                0x000000000800021c                usb_wkup_isr
                0x000000000800021c                can1_sce_isr
                0x000000000800021c                reserved_3_isr
                0x000000000800021c                tim1_cc_isr
                0x000000000800021c                eth_isr
                0x000000000800021c                reserved_14_isr
                0x000000000800021c                dma1_channel4_isr
                0x000000000800021c                tim8_brk_isr
                0x000000000800021c                dma2_channel4_isr
                0x000000000800021c                pvd_isr
                0x000000000800021c                comp123_isr
                0x000000000800021c                comp456_isr
                0x000000000800021c                rcc_isr
                0x000000000800021c                reserved_8_isr
                0x000000000800021c                flash_isr
                0x000000000800021c                rtc_alarm_isr
                0x000000000800021c                reserved_2_isr
                0x000000000800021c                exti15_10_isr
                0x000000000800021c                hard_fault_handler
                0x000000000800021c                exti1_isr
                0x000000000800021c                dma2_channel1_isr
                0x000000000800021c                spi2_isr
                0x000000000800021c                reserved_9_isr
                0x000000000800021c                nvic_wwdg_isr
                0x000000000800021c                tim8_up_isr
                0x000000000800021c                usart1_exti25_isr
                0x000000000800021c                dma2_channel2_isr
                0x000000000800021c                adc3_isr
                0x000000000800021c                exti3_isr
                0x000000000800021c                tim3_isr
                0x000000000800021c                i2c2_er_isr
                0x000000000800021c                reserved_1_isr
                0x000000000800021c                dma1_channel1_isr
                0x000000000800021c                exti4_isr
                0x000000000800021c                tim6_dac_isr
                0x000000000800021c                mem_manage_handler
                0x000000000800021c                exti9_5_isr
                0x000000000800021c                dma2_channel3_isr
                0x000000000800021c                usb_hp_can1_tx_isr
                0x000000000800021c                dma1_channel7_isr
                0x000000000800021c                usart3_exti28_isr
                0x000000000800021c                reserved_6_isr
                0x000000000800021c                tim4_isr
                0x000000000800021c                usb_lp_can1_rx0_isr
                0x000000000800021c                dma1_channel2_isr
                0x000000000800021c                i2c1_er_isr
                0x000000000800021c                tim8_cc_isr
                0x000000000800021c                comp7_isr
                0x000000000800021c                uart5_exti35_isr
                0x000000000800021c                reserved_4_isr
                0x000000000800021c                bus_fault_handler
                0x000000000800021c                tim1_brk_tim15_isr
                0x000000000800021c                dma1_channel3_isr
                0x000000000800021c                uart4_exti34_isr
                0x000000000800021c                usart2_exti26_isr
                0x000000000800021c                spi3_isr
                0x000000000800021c                reserved_10_isr
                0x000000000800021c                tim2_isr
                0x000000000800021c                reserved_16_isr
                0x000000000800021c                exti2_tsc_isr
                0x000000000800021c                usb_wkup_a_isr
                0x000000000800021c                exti0_isr
 .text.null_handler
                0x000000000800021e        0x2 /home/amol/stm32f3discovery/libopencm3-examples/libopencm3/lib/libopencm3_stm32f3.a(vector.o)
                0x000000000800021e                null_handler
                0x000000000800021e                sv_call_handler
                0x000000000800021e                pend_sv_handler
                0x000000000800021e                debug_monitor_handler
                0x000000000800021e                sys_tick_handler
                0x000000000800021e                nmi_handler
 .text.reset_handler
                0x0000000008000220       0x98 /home/amol/stm32f3discovery/libopencm3-examples/libopencm3/lib/libopencm3_stm32f3.a(vector.o)
                0x0000000008000220                reset_handler
                0x00000000080002b8                . = ALIGN (0x4)
 *(.rodata*)
                0x00000000080002b8                . = ALIGN (0x4)

.glue_7         0x00000000080002b8        0x0
 .glue_7        0x0000000000000000        0x0 linker stubs

.glue_7t        0x00000000080002b8        0x0
 .glue_7t       0x0000000000000000        0x0 linker stubs

.vfp11_veneer   0x00000000080002b8        0x0
 .vfp11_veneer  0x0000000000000000        0x0 linker stubs

.v4_bx          0x00000000080002b8        0x0
 .v4_bx         0x0000000000000000        0x0 linker stubs

.iplt           0x00000000080002b8        0x0
 .iplt          0x0000000000000000        0x0 blinky.o

.rel.dyn        0x00000000080002b8        0x0
 .rel.iplt      0x0000000000000000        0x0 blinky.o

.preinit_array  0x00000000080002b8        0x0
                0x00000000080002b8                . = ALIGN (0x4)
                0x00000000080002b8                __preinit_array_start = .
 *(.preinit_array)
                0x00000000080002b8                __preinit_array_end = .

.init_array     0x00000000080002b8        0x0
                0x00000000080002b8                . = ALIGN (0x4)
                0x00000000080002b8                __init_array_start = .
 *(SORT(.init_array.*))
 *(.init_array)
                0x00000000080002b8                __init_array_end = .

.fini_array     0x00000000080002b8        0x0
                0x00000000080002b8                . = ALIGN (0x4)
                0x00000000080002b8                __fini_array_start = .
 *(.fini_array)
 *(SORT(.fini_array.*))
                0x00000000080002b8                __fini_array_end = .

.ARM.extab
 *(.ARM.extab*)

.ARM.exidx      0x00000000080002b8        0x0
                0x00000000080002b8                __exidx_start = .
 *(.ARM.exidx*)
                0x00000000080002b8                __exidx_end = .
                0x00000000080002b8                . = ALIGN (0x4)
                0x00000000080002b8                _etext = .

.data           0x0000000020000000        0x0 load address 0x00000000080002b8
                0x0000000020000000                _data = .
 *(.data*)
                0x0000000020000000                . = ALIGN (0x4)
                0x0000000020000000                _edata = .
                0x00000000080002b8                _data_loadaddr = LOADADDR (.data)

.igot.plt       0x0000000020000000        0x0 load address 0x00000000080002b8
 .igot.plt      0x0000000000000000        0x0 blinky.o

.bss            0x0000000020000000        0x0 load address 0x00000000080002b8
 *(.bss*)
 *(COMMON)
                0x0000000020000000                . = ALIGN (0x4)
                0x0000000020000000                _ebss = .

/DISCARD/
 *(.eh_frame)
                0x0000000020000000                . = ALIGN (0x4)
                0x0000000020000000                end = .
                0x000000002000a000                PROVIDE (_stack, (ORIGIN (ram) + 0xa000))
OUTPUT(blinky.elf elf32-littlearm)

.debug_info     0x0000000000000000      0xf5d
 .debug_info    0x0000000000000000      0x333 blinky.o
 .debug_info    0x0000000000000333      0x22c /home/amol/stm32f3discovery/libopencm3-examples/libopencm3/lib/libopencm3_stm32f3.a(gpio_common_all.o)
 .debug_info    0x000000000000055f      0x1eb /home/amol/stm32f3discovery/libopencm3-examples/libopencm3/lib/libopencm3_stm32f3.a(gpio_common_f0234.o)
 .debug_info    0x000000000000074a      0x564 /home/amol/stm32f3discovery/libopencm3-examples/libopencm3/lib/libopencm3_stm32f3.a(rcc_common_all.o)
 .debug_info    0x0000000000000cae      0x2af /home/amol/stm32f3discovery/libopencm3-examples/libopencm3/lib/libopencm3_stm32f3.a(vector.o)

.debug_abbrev   0x0000000000000000      0x4c9
 .debug_abbrev  0x0000000000000000       0xfc blinky.o
 .debug_abbrev  0x00000000000000fc      0x10e /home/amol/stm32f3discovery/libopencm3-examples/libopencm3/lib/libopencm3_stm32f3.a(gpio_common_all.o)
 .debug_abbrev  0x000000000000020a       0xb7 /home/amol/stm32f3discovery/libopencm3-examples/libopencm3/lib/libopencm3_stm32f3.a(gpio_common_f0234.o)
 .debug_abbrev  0x00000000000002c1       0xc1 /home/amol/stm32f3discovery/libopencm3-examples/libopencm3/lib/libopencm3_stm32f3.a(rcc_common_all.o)
 .debug_abbrev  0x0000000000000382      0x147 /home/amol/stm32f3discovery/libopencm3-examples/libopencm3/lib/libopencm3_stm32f3.a(vector.o)

.debug_loc      0x0000000000000000      0x381
 .debug_loc     0x0000000000000000       0x3a blinky.o
 .debug_loc     0x000000000000003a       0x84 /home/amol/stm32f3discovery/libopencm3-examples/libopencm3/lib/libopencm3_stm32f3.a(gpio_common_all.o)
 .debug_loc     0x00000000000000be       0xcd /home/amol/stm32f3discovery/libopencm3-examples/libopencm3/lib/libopencm3_stm32f3.a(gpio_common_f0234.o)
 .debug_loc     0x000000000000018b      0x14a /home/amol/stm32f3discovery/libopencm3-examples/libopencm3/lib/libopencm3_stm32f3.a(rcc_common_all.o)
 .debug_loc     0x00000000000002d5       0xac /home/amol/stm32f3discovery/libopencm3-examples/libopencm3/lib/libopencm3_stm32f3.a(vector.o)

.debug_aranges  0x0000000000000000      0x138
 .debug_aranges
                0x0000000000000000       0x20 blinky.o
 .debug_aranges
                0x0000000000000020       0x50 /home/amol/stm32f3discovery/libopencm3-examples/libopencm3/lib/libopencm3_stm32f3.a(gpio_common_all.o)
 .debug_aranges
                0x0000000000000070       0x30 /home/amol/stm32f3discovery/libopencm3-examples/libopencm3/lib/libopencm3_stm32f3.a(gpio_common_f0234.o)
 .debug_aranges
                0x00000000000000a0       0x68 /home/amol/stm32f3discovery/libopencm3-examples/libopencm3/lib/libopencm3_stm32f3.a(rcc_common_all.o)
 .debug_aranges
                0x0000000000000108       0x30 /home/amol/stm32f3discovery/libopencm3-examples/libopencm3/lib/libopencm3_stm32f3.a(vector.o)

.debug_ranges   0x0000000000000000       0xe8
 .debug_ranges  0x0000000000000000       0x10 blinky.o
 .debug_ranges  0x0000000000000010       0x40 /home/amol/stm32f3discovery/libopencm3-examples/libopencm3/lib/libopencm3_stm32f3.a(gpio_common_all.o)
 .debug_ranges  0x0000000000000050       0x20 /home/amol/stm32f3discovery/libopencm3-examples/libopencm3/lib/libopencm3_stm32f3.a(gpio_common_f0234.o)
 .debug_ranges  0x0000000000000070       0x58 /home/amol/stm32f3discovery/libopencm3-examples/libopencm3/lib/libopencm3_stm32f3.a(rcc_common_all.o)
 .debug_ranges  0x00000000000000c8       0x20 /home/amol/stm32f3discovery/libopencm3-examples/libopencm3/lib/libopencm3_stm32f3.a(vector.o)

.debug_line     0x0000000000000000      0xc55
 .debug_line    0x0000000000000000      0x1a1 blinky.o
 .debug_line    0x00000000000001a1      0x2ab /home/amol/stm32f3discovery/libopencm3-examples/libopencm3/lib/libopencm3_stm32f3.a(gpio_common_all.o)
 .debug_line    0x000000000000044c      0x28c /home/amol/stm32f3discovery/libopencm3-examples/libopencm3/lib/libopencm3_stm32f3.a(gpio_common_f0234.o)
 .debug_line    0x00000000000006d8      0x2ba /home/amol/stm32f3discovery/libopencm3-examples/libopencm3/lib/libopencm3_stm32f3.a(rcc_common_all.o)
 .debug_line    0x0000000000000992      0x2c3 /home/amol/stm32f3discovery/libopencm3-examples/libopencm3/lib/libopencm3_stm32f3.a(vector.o)

.debug_str      0x0000000000000000     0x9c2c
 .debug_str     0x0000000000000000      0x391 blinky.o
                                        0x434 (size before relaxing)
 .debug_str     0x0000000000000391     0x4d24 /home/amol/stm32f3discovery/libopencm3-examples/libopencm3/lib/libopencm3_stm32f3.a(gpio_common_all.o)
                                       0x4ebd (size before relaxing)
 .debug_str     0x00000000000050b5       0x8a /home/amol/stm32f3discovery/libopencm3-examples/libopencm3/lib/libopencm3_stm32f3.a(gpio_common_f0234.o)
                                       0x4edf (size before relaxing)
 .debug_str     0x000000000000513f     0x2174 /home/amol/stm32f3discovery/libopencm3-examples/libopencm3/lib/libopencm3_stm32f3.a(rcc_common_all.o)
                                       0x649b (size before relaxing)
 .debug_str     0x00000000000072b3     0x2979 /home/amol/stm32f3discovery/libopencm3-examples/libopencm3/lib/libopencm3_stm32f3.a(vector.o)
                                       0x5ff8 (size before relaxing)

.comment        0x0000000000000000       0x70
 .comment       0x0000000000000000       0x70 blinky.o
                                         0x71 (size before relaxing)
 .comment       0x0000000000000000       0x71 /home/amol/stm32f3discovery/libopencm3-examples/libopencm3/lib/libopencm3_stm32f3.a(gpio_common_all.o)
 .comment       0x0000000000000000       0x71 /home/amol/stm32f3discovery/libopencm3-examples/libopencm3/lib/libopencm3_stm32f3.a(gpio_common_f0234.o)
 .comment       0x0000000000000000       0x71 /home/amol/stm32f3discovery/libopencm3-examples/libopencm3/lib/libopencm3_stm32f3.a(rcc_common_all.o)
 .comment       0x0000000000000000       0x71 /home/amol/stm32f3discovery/libopencm3-examples/libopencm3/lib/libopencm3_stm32f3.a(vector.o)

.ARM.attributes
                0x0000000000000000       0x39
 .ARM.attributes
                0x0000000000000000       0x39 blinky.o
 .ARM.attributes
                0x0000000000000039       0x39 /home/amol/stm32f3discovery/libopencm3-examples/libopencm3/lib/libopencm3_stm32f3.a(gpio_common_all.o)
 .ARM.attributes
                0x0000000000000072       0x39 /home/amol/stm32f3discovery/libopencm3-examples/libopencm3/lib/libopencm3_stm32f3.a(gpio_common_f0234.o)
 .ARM.attributes
                0x00000000000000ab       0x39 /home/amol/stm32f3discovery/libopencm3-examples/libopencm3/lib/libopencm3_stm32f3.a(rcc_common_all.o)
 .ARM.attributes
                0x00000000000000e4       0x39 /home/amol/stm32f3discovery/libopencm3-examples/libopencm3/lib/libopencm3_stm32f3.a(vector.o)

.debug_frame    0x0000000000000000      0x204
 .debug_frame   0x0000000000000000       0x28 blinky.o
 .debug_frame   0x0000000000000028       0x80 /home/amol/stm32f3discovery/libopencm3-examples/libopencm3/lib/libopencm3_stm32f3.a(gpio_common_all.o)
 .debug_frame   0x00000000000000a8       0x6c /home/amol/stm32f3discovery/libopencm3-examples/libopencm3/lib/libopencm3_stm32f3.a(gpio_common_f0234.o)
 .debug_frame   0x0000000000000114       0xb0 /home/amol/stm32f3discovery/libopencm3-examples/libopencm3/lib/libopencm3_stm32f3.a(rcc_common_all.o)
 .debug_frame   0x00000000000001c4       0x40 /home/amol/stm32f3discovery/libopencm3-examples/libopencm3/lib/libopencm3_stm32f3.a(vector.o)

.debug_macro    0x0000000000000000     0x223b
 .debug_macro   0x0000000000000000       0xb4 /home/amol/stm32f3discovery/libopencm3-examples/libopencm3/lib/libopencm3_stm32f3.a(gpio_common_all.o)
 .debug_macro   0x00000000000000b4      0x874 /home/amol/stm32f3discovery/libopencm3-examples/libopencm3/lib/libopencm3_stm32f3.a(gpio_common_all.o)
 .debug_macro   0x0000000000000928       0x22 /home/amol/stm32f3discovery/libopencm3-examples/libopencm3/lib/libopencm3_stm32f3.a(gpio_common_all.o)
 .debug_macro   0x000000000000094a       0x44 /home/amol/stm32f3discovery/libopencm3-examples/libopencm3/lib/libopencm3_stm32f3.a(gpio_common_all.o)
 .debug_macro   0x000000000000098e       0xe3 /home/amol/stm32f3discovery/libopencm3-examples/libopencm3/lib/libopencm3_stm32f3.a(gpio_common_all.o)
 .debug_macro   0x0000000000000a71       0x22 /home/amol/stm32f3discovery/libopencm3-examples/libopencm3/lib/libopencm3_stm32f3.a(gpio_common_all.o)
 .debug_macro   0x0000000000000a93      0x1df /home/amol/stm32f3discovery/libopencm3-examples/libopencm3/lib/libopencm3_stm32f3.a(gpio_common_all.o)
 .debug_macro   0x0000000000000c72       0x22 /home/amol/stm32f3discovery/libopencm3-examples/libopencm3/lib/libopencm3_stm32f3.a(gpio_common_all.o)
 .debug_macro   0x0000000000000c94       0xfa /home/amol/stm32f3discovery/libopencm3-examples/libopencm3/lib/libopencm3_stm32f3.a(gpio_common_all.o)
 .debug_macro   0x0000000000000d8e       0x58 /home/amol/stm32f3discovery/libopencm3-examples/libopencm3/lib/libopencm3_stm32f3.a(gpio_common_all.o)
 .debug_macro   0x0000000000000de6      0x18a /home/amol/stm32f3discovery/libopencm3-examples/libopencm3/lib/libopencm3_stm32f3.a(gpio_common_all.o)
 .debug_macro   0x0000000000000f70       0x76 /home/amol/stm32f3discovery/libopencm3-examples/libopencm3/lib/libopencm3_stm32f3.a(gpio_common_all.o)
 .debug_macro   0x0000000000000fe6      0x2e6 /home/amol/stm32f3discovery/libopencm3-examples/libopencm3/lib/libopencm3_stm32f3.a(gpio_common_all.o)
 .debug_macro   0x00000000000012cc       0xb4 /home/amol/stm32f3discovery/libopencm3-examples/libopencm3/lib/libopencm3_stm32f3.a(gpio_common_f0234.o)
 .debug_macro   0x0000000000001380       0xc0 /home/amol/stm32f3discovery/libopencm3-examples/libopencm3/lib/libopencm3_stm32f3.a(rcc_common_all.o)
 .debug_macro   0x0000000000001440      0x73b /home/amol/stm32f3discovery/libopencm3-examples/libopencm3/lib/libopencm3_stm32f3.a(rcc_common_all.o)
 .debug_macro   0x0000000000001b7b       0xc5 /home/amol/stm32f3discovery/libopencm3-examples/libopencm3/lib/libopencm3_stm32f3.a(vector.o)
 .debug_macro   0x0000000000001c40      0x3a1 /home/amol/stm32f3discovery/libopencm3-examples/libopencm3/lib/libopencm3_stm32f3.a(vector.o)
 .debug_macro   0x0000000000001fe1       0x6a /home/amol/stm32f3discovery/libopencm3-examples/libopencm3/lib/libopencm3_stm32f3.a(vector.o)
 .debug_macro   0x000000000000204b      0x1f0 /home/amol/stm32f3discovery/libopencm3-examples/libopencm3/lib/libopencm3_stm32f3.a(vector.o)
